Microchip Technology Inc, v1.70 (B)

Tool Name:
  c:\program files\microchip\xc16\v1.70\bin\bin\..\bin/elf-ld.exe

Command:
  -p24FJ256GA705 \
  --mdfp=C:/Users/2020/.mchp_packs/Microchip/PIC24F-GA-GB_DFP/1.5.181/xc16 \
  -o \
  dist/default/production/GPS_4G_MQTT.X.production.elf \
  -Lc:/program files/microchip/xc16/v1.70/bin/bin/.. \
  -LC:/Users/2020/.mchp_packs/Microchip/PIC24F-GA-GB_DFP/1.5.181/xc16/bin/../support/PIC24F/gld \
  -Lc:/program files/microchip/xc16/v1.70/bin/bin/../../lib \
  -Lc:/program files/microchip/xc16/v1.70/bin/bin/../../support/PIC24E/gld \
  -Lc:/program files/microchip/xc16/v1.70/bin/bin/../../support/PIC24F/gld \
  -Lc:/program files/microchip/xc16/v1.70/bin/bin/../../support/PIC24H/gld \
  -Lc:/program files/microchip/xc16/v1.70/bin/bin/../../support/dsPIC30F/gld \
  -Lc:/program files/microchip/xc16/v1.70/bin/bin/../../support/dsPIC33C/gld \
  -Lc:/program files/microchip/xc16/v1.70/bin/bin/../../support/dsPIC33E/gld \
  -Lc:/program files/microchip/xc16/v1.70/bin/bin/../../support/dsPIC33F/gld \
  build/default/production/_ext/1693421727/App_Setup.o \
  build/default/production/_ext/1693421727/App_quectel_common_interface.o \
  build/default/production/_ext/1693421727/App_gps_comm_interface.o \
  build/default/production/_ext/1693421727/App_gprs_comm_interface.o \
  build/default/production/_ext/1693421727/App_user_interface.o \
  build/default/production/_ext/1270477542/delay.o \
  build/default/production/_ext/1270477542/hexString.o \
  build/default/production/_ext/1270477542/queue.o \
  build/default/production/_ext/1270477542/tick.o \
  build/default/production/_ext/1270477542/utility.o \
  build/default/production/_ext/918604917/NMEA_parser.o \
  build/default/production/_ext/1769188794/clock.o \
  build/default/production/_ext/1769188794/interrupt_manager.o \
  build/default/production/_ext/1769188794/mcc.o \
  build/default/production/_ext/1769188794/pin_manager.o \
  build/default/production/_ext/1769188794/rtcc.o \
  build/default/production/_ext/1769188794/spi1.o \
  build/default/production/_ext/1769188794/system.o \
  build/default/production/_ext/1769188794/tmr1.o \
  build/default/production/_ext/1769188794/tmr3.o \
  build/default/production/_ext/1769188794/traps.o \
  build/default/production/_ext/1769188794/uart1.o \
  build/default/production/_ext/1769188794/uart2.o \
  build/default/production/_ext/638798250/Quectel_interface.o \
  build/default/production/_ext/1472/main.o \
  --local-stack \
  --defsym=__MPLAB_BUILD=1 \
  -Tp24FJ256GA705.gld.00 \
  --stack=16 \
  --check-sections \
  --data-init \
  --pack-data \
  --handles \
  --isr \
  --no-gc-sections \
  --fill-upper=0 \
  --stackguard=16 \
  --no-force-link \
  --smart-io \
  -Map=dist/default/production/GPS_4G_MQTT.X.production.map \
  --report-mem \
  --memorysummary \
  dist/default/production/memoryfile.xml \
  -start-group \
  --library=lega-pic30-elf \
  --library=m-elf \
  --library=lega-c-elf \
  -end-group \


Optional library libpPIC24Fxxx.a not found
Archive member included because of file (symbol)

c:/program files/microchip/xc16/v1.70/bin/bin/../../lib\liblega-pic30-elf.a(crt0_extended24.o)
                              (__resetPRI)
c:/program files/microchip/xc16/v1.70/bin/bin/../../lib\liblega-pic30-elf.a(data_init_24.o)
                              c:/program files/microchip/xc16/v1.70/bin/bin/../../lib\liblega-pic30-elf.a(crt0_extended24.o) (__data_init_da)
c:/program files/microchip/xc16/v1.70/bin/bin/../../lib\liblega-pic30-elf.a(crt_start_mode_normalda.Leo)
                              (__crt_start_mode_normal)
c:/program files/microchip/xc16/v1.70/bin/bin/../../lib\libm-elf.a(addsf3.daeo)
                              build/default/production/_ext/1270477542/utility.o (___subsf3)
c:/program files/microchip/xc16/v1.70/bin/bin/../../lib\libm-elf.a(divsf3.daeo)
                              build/default/production/_ext/1693421727/App_gprs_comm_interface.o (___divsf3)
c:/program files/microchip/xc16/v1.70/bin/bin/../../lib\libm-elf.a(divsi3.daeo)
                              build/default/production/_ext/918604917/NMEA_parser.o (___divsi3)
c:/program files/microchip/xc16/v1.70/bin/bin/../../lib\libm-elf.a(feqltle.daeo)
                              build/default/production/_ext/1270477542/utility.o (___ltsf2)
c:/program files/microchip/xc16/v1.70/bin/bin/../../lib\libm-elf.a(fgtge.daeo)
                              build/default/production/_ext/1270477542/utility.o (___gtsf2)
c:/program files/microchip/xc16/v1.70/bin/bin/../../lib\libm-elf.a(fixsfsi.daeo)
                              build/default/production/_ext/1270477542/utility.o (_(float, int, long long, short, float, short, int))
c:/program files/microchip/xc16/v1.70/bin/bin/../../lib\libm-elf.a(floatsisf.daeo)
                              build/default/production/_ext/1693421727/App_gprs_comm_interface.o (___floatsisf)
[...]
Memory Configuration

Name             Origin             Length             Attributes
data             0x000800           0x004000           a !xr
reset            0x000000           0x000004  
ivt              0x000004           0x0000fc  
program          0x000100           0x02ae00           xr
FSEC             0x02af00           0x000002  
FBSLIM           0x02af10           0x000002  
FSIGN            0x02af14           0x000002  
FOSCSEL          0x02af18           0x000002  
FOSC             0x02af1c           0x000002  
FWDT             0x02af20           0x000002  
FPOR             0x02af24           0x000002  
FICD             0x02af28           0x000002  
FDEVOPT1         0x02af2c           0x000002  
*default*        0x000000           0xffffffff  

Linker script and memory map

LOAD build/default/production/_ext/1693421727/App_Setup.o
LOAD build/default/production/_ext/1693421727/App_quectel_common_interface.o
LOAD build/default/production/_ext/1693421727/App_gps_comm_interface.o
LOAD build/default/production/_ext/1693421727/App_gprs_comm_interface.o
LOAD build/default/production/_ext/1693421727/App_user_interface.o
LOAD build/default/production/_ext/1270477542/delay.o
LOAD build/default/production/_ext/1270477542/hexString.o
LOAD build/default/production/_ext/1270477542/queue.o
LOAD build/default/production/_ext/1270477542/tick.o
LOAD build/default/production/_ext/1270477542/utility.o
LOAD build/default/production/_ext/918604917/NMEA_parser.o
LOAD build/default/production/_ext/1769188794/clock.o
LOAD build/default/production/_ext/1769188794/interrupt_manager.o
LOAD build/default/production/_ext/1769188794/mcc.o
LOAD build/default/production/_ext/1769188794/pin_manager.o
LOAD build/default/production/_ext/1769188794/rtcc.o
LOAD build/default/production/_ext/1769188794/spi1.o
LOAD build/default/production/_ext/1769188794/system.o
LOAD build/default/production/_ext/1769188794/tmr1.o
LOAD build/default/production/_ext/1769188794/tmr3.o
LOAD build/default/production/_ext/1769188794/traps.o
LOAD build/default/production/_ext/1769188794/uart1.o
LOAD build/default/production/_ext/1769188794/uart2.o
LOAD build/default/production/_ext/638798250/Quectel_interface.o
LOAD build/default/production/_ext/1472/main.o
                    0x0001                  __MPLAB_BUILD = 0x1
LOAD pPIC24Fxxx
LOAD c:/program files/microchip/xc16/v1.70/bin/bin/../../lib\libfx-elf.a
                    0x2af00                  __FSEC = 0x2af00
                    0x2af10                  __FBSLIM = 0x2af10
                    0x2af14                  __FSIGN = 0x2af14
                    0x2af18                  __FOSCSEL = 0x2af18
                    0x2af1c                  __FOSC = 0x2af1c
                    0x2af20                  __FWDT = 0x2af20
                    0x2af24                  __FPOR = 0x2af24
                    0x2af28                  __FICD = 0x2af28
                    0x2af2c                  __FDEVOPT1 = 0x2af2c
                    0x0100                  __CODE_BASE = 0x100
                    0x2ae00                  __CODE_LENGTH = 0x2ae00
                    0x0004                  __IVT_BASE = 0x4
                    0x0800                  __DATA_BASE = 0x800
                    0x4000                  __DATA_LENGTH = 0x4000

.reset            0x000000          0x4
                  0x000000          0x2 SHORT 0x100 ABSOLUTE (__reset)
                  0x000001          0x2 SHORT 0x4
                  0x000002          0x2 SHORT 0x0 ((ABSOLUTE (__reset) >> 0x10) & 0x7f)
                  0x000003          0x2 SHORT 0x0

.text             0x000100       0x29ca
 *(.init)
 .init            0x000100         0x4c c:/program files/microchip/xc16/v1.70/bin/bin/../../lib\liblega-pic30-elf.a(crt0_extended24.o)
                  0x000100                  __resetPRI
                  0x000100                  __reset
                  0x00013c                  __psv_init
 .init            0x00014c         0xb8 c:/program files/microchip/xc16/v1.70/bin/bin/../../lib\liblega-pic30-elf.a(data_init_24.o)
                  0x000152                  __data_init
                  0x000152                  __data_init_da
 *(.user_init)
 *(.handle)
 .handle          0x000204         0x24 jump_table
 *(.isr*)
 .isr.text        0x000228         0x14 build/default/production/_ext/1769188794/pin_manager.o
                  0x000228                  __IOCInterrupt
 .isr.text        0x00023c          0x8 build/default/production/_ext/1769188794/rtcc.o
                  0x00023c                  __RTCCInterrupt
 .isr.text        0x000244         0x3c build/default/production/_ext/1769188794/tmr1.o
                  0x000244                  __T1Interrupt
 .isr.text        0x000280         0x2e build/default/production/_ext/1769188794/tmr3.o
                  0x000280                  __T3Interrupt
 .isr.text        0x0002ae         0x2a build/default/production/_ext/1769188794/traps.o
                  0x0002ae                  __OscillatorFail
                  0x0002b6                  __StackError
                  0x0002c0                  __AddressError
                  0x0002c8                  __MathError
                  0x0002d0                  __NVMError
 .isr.text        0x0002d8         0xbe build/default/production/_ext/1769188794/uart1.o
                  0x0002d8                  __U1TXInterrupt
                  0x00033a                  __U1RXInterrupt
                  0x000380                  __U1ErrInterrupt
 .isr.text        0x000396         0xb2 build/default/production/_ext/1769188794/uart2.o
                  0x000396                  __U2TXInterrupt
                  0x0003ec                  __U2RXInterrupt
                  0x000432                  __U2ErrInterrupt
 .isr             0x000448          0x4 default_isr
                  0x000448                  __DefaultInterrupt
 *(.libc)
 .libc            0x00044c         0x10 c:/program files/microchip/xc16/v1.70/bin/bin/../../lib\liblega-pic30-elf.a(_exitda.Leo)
                  0x00044c                  __exit
 .libc            0x00045c         0x12 c:/program files/microchip/xc16/v1.70/bin/bin/../../lib\liblega-pic30-elf.a(closeda.Leo)
                  0x00045c                  _close
 .libc            0x00046e         0x12 c:/program files/microchip/xc16/v1.70/bin/bin/../../lib\liblega-pic30-elf.a(removeda.Leo)
                  0x00046e                  _remove
 .libc            0x000480         0x28 c:/program files/microchip/xc16/v1.70/bin/bin/../../lib\liblega-pic30-elf.a(sbrkda.Leo)
                  0x000480                  _sbrk
 .libc            0x0004a8         0x1a c:/program files/microchip/xc16/v1.70/bin/bin/../../lib\liblega-pic30-elf.a(brkda.Lelo)
                  0x0004a8                  _brk
 *(.libm)
 *(.libdsp)
 *(.lib*)
 .libc.write      0x0004c2         0x1e build/default/production/_ext/1769188794/uart2.o
                  0x0004c2                  _write
 .libpic30_crt_start_mode
                  0x0004e0          0x2 c:/program files/microchip/xc16/v1.70/bin/bin/../../lib\liblega-pic30-elf.a(crt_start_mode_normalda.Leo)
                  0x0004e0                  __crt_start_mode
                  0x0004e0                  __crt_start_mode_normal
 .libm.subsf3     0x0004e2         0xbc c:/program files/microchip/xc16/v1.70/bin/bin/../../lib\libm-elf.a(addsf3.daeo)
                  0x0004e2                  ___subsf3
                  0x0004e4                  ___addsf3
 .libm.divfs3     0x00059e         0x84 c:/program files/microchip/xc16/v1.70/bin/bin/../../lib\libm-elf.a(divsf3.daeo)
                  0x00059e                  ___divsf3
 .libm.divsi3     0x000622         0x1e c:/program files/microchip/xc16/v1.70/bin/bin/../../lib\libm-elf.a(divsi3.daeo)
                  0x000622                  ___divsi3
 .libm.eqsf2      0x000640          0x4 c:/program files/microchip/xc16/v1.70/bin/bin/../../lib\libm-elf.a(feqltle.daeo)
                  0x000640                  ___eqsf2
                  0x000640                  ___ltsf2
                  0x000640                  ___lesf2
 .libm.gtsf2      0x000644          0x4 c:/program files/microchip/xc16/v1.70/bin/bin/../../lib\libm-elf.a(fgtge.daeo)
                  0x000644                  ___gesf2
                  0x000644                  ___gtsf2
 .libm.fixsfsi    0x000648         0x42 c:/program files/microchip/xc16/v1.70/bin/bin/../../lib\libm-elf.a(fixsfsi.daeo)
                  0x000648                  _(float, int, long long, short, float, short, int)
 .libm.floatsisf
                  0x00068a          0x6 c:/program files/microchip/xc16/v1.70/bin/bin/../../lib\libm-elf.a(floatsisf.daeo)
                  0x00068a                  ___floatsisf
 .libm.floatunsisf
                  0x000690          0x4 c:/program files/microchip/xc16/v1.70/bin/bin/../../lib\libm-elf.a(floatunsisf.daeo)
                  0x000690                  ___floatunsisf
 .libm.nesf2      0x000694          0x4 c:/program files/microchip/xc16/v1.70/bin/bin/../../lib\libm-elf.a(fne.daeo)
                  0x000694                  ___nesf2
 .libm.fpack      0x000698         0x4c c:/program files/microchip/xc16/v1.70/bin/bin/../../lib\libm-elf.a(fpack.daeo)
                  0x000698                  __fpack
 .libm.funpack    0x0006e4         0x2a c:/program files/microchip/xc16/v1.70/bin/bin/../../lib\libm-elf.a(funpack.daeo)
                  0x0006e4                  __funpack
 .libm.funpack2
                  0x00070e         0x10 c:/program files/microchip/xc16/v1.70/bin/bin/../../lib\libm-elf.a(funpack2.daeo)
                  0x00070e                  __funpack2
 .libm.fPropagateNaN
                  0x00071e         0x12 c:/program files/microchip/xc16/v1.70/bin/bin/../../lib\libm-elf.a(futil.daeo)
                  0x00071e                  __fPropagateNaN
 .libm.fbobExit
                  0x000730          0x8 c:/program files/microchip/xc16/v1.70/bin/bin/../../lib\libm-elf.a(futil.daeo)
                  0x000730                  __fbopExit
 .libm.fbopReturnNaN
                  0x000738          0x6 c:/program files/microchip/xc16/v1.70/bin/bin/../../lib\libm-elf.a(futil.daeo)
                  0x000738                  __fbopReturnNaN
 .libm.mulsf3     0x00073e         0x68 c:/program files/microchip/xc16/v1.70/bin/bin/../../lib\libm-elf.a(mulsf3.daeo)
                  0x00073e                  ___mulsf3
 .libm.sqrtf      0x0007a6         0x6a c:/program files/microchip/xc16/v1.70/bin/bin/../../lib\libm-elf.a(sqrtf.daeo)
                  0x0007a6                  _sqrtf
 .libm.udivsi3    0x000810         0x20 c:/program files/microchip/xc16/v1.70/bin/bin/../../lib\libm-elf.a(udivsi3.daeo)
                  0x000810                  ___udivsi3
 .libm.__PplusBdi
                  0x000830         0x26 c:/program files/microchip/xc16/v1.70/bin/bin/../../lib\libm-elf.a(divmoddi3.daeo)
 .libm.__PminusBdi
                  0x000856         0x26 c:/program files/microchip/xc16/v1.70/bin/bin/../../lib\libm-elf.a(divmoddi3.daeo)
 .libm.__udivmoddi3
                  0x00087c         0xe6 c:/program files/microchip/xc16/v1.70/bin/bin/../../lib\libm-elf.a(divmoddi3.daeo)
                  0x00087c                  ___udivmoddi3
 .libm.__udivdi3
                  0x000962          0xe c:/program files/microchip/xc16/v1.70/bin/bin/../../lib\libm-elf.a(divmoddi3.daeo)
                  0x000962                  ___udivdi3
 .libm.__umoddi3
                  0x000970          0x8 c:/program files/microchip/xc16/v1.70/bin/bin/../../lib\libm-elf.a(divmoddi3.daeo)
                  0x000970                  ___umoddi3
 .libm.__divdi3
                  0x000978         0x60 c:/program files/microchip/xc16/v1.70/bin/bin/../../lib\libm-elf.a(divmoddi3.daeo)
                  0x000978                  ___divdi3
 .libm.__moddi3
                  0x0009d8         0x5c c:/program files/microchip/xc16/v1.70/bin/bin/../../lib\libm-elf.a(divmoddi3.daeo)
                  0x0009d8                  ___moddi3
 .libm.fcompare
                  0x000a34         0x36 c:/program files/microchip/xc16/v1.70/bin/bin/../../lib\libm-elf.a(fcompare.daeo)
                  0x000a34                  __fcompare
 .libm.floatdisf
                  0x000a6a         0x20 c:/program files/microchip/xc16/v1.70/bin/bin/../../lib\libm-elf.a(floatdisf.daeo)
                  0x000a6a                  ___floatdisf
 .libm.floatundisf
                  0x000a8a         0x5e c:/program files/microchip/xc16/v1.70/bin/bin/../../lib\libm-elf.a(floatundisf.daeo)
                  0x000a8a                  ___floatundisf
 .libc.isspace    0x000ae8         0x10 c:/program files/microchip/xc16/v1.70/bin/bin/../../lib\liblega-c-elf.a(isspace.DA_eso)
                  0x000ae8                  _isspace
 .libc.tolower    0x000af8          0xe c:/program files/microchip/xc16/v1.70/bin/bin/../../lib\liblega-c-elf.a(tolower.DA_eso)
                  0x000af8                  _tolower
 .libc.toupper    0x000b06          0xe c:/program files/microchip/xc16/v1.70/bin/bin/../../lib\liblega-c-elf.a(toupper.DA_eso)
                  0x000b06                  _toupper
 .libc.abort      0x000b14          0x8 c:/program files/microchip/xc16/v1.70/bin/bin/../../lib\liblega-c-elf.a(abort.DA_eo)
                  0x000b14                  _abort
 .libc.exit       0x000b1c         0x24 c:/program files/microchip/xc16/v1.70/bin/bin/../../lib\liblega-c-elf.a(exit.DA_eo)
                  0x000b1c                  _exit
 .libc.free       0x000b40         0x64 c:/program files/microchip/xc16/v1.70/bin/bin/../../lib\liblega-c-elf.a(free.DA_eo)
                  0x000b40                  _free
 .libc.findmem    0x000ba4         0x66 c:/program files/microchip/xc16/v1.70/bin/bin/../../lib\liblega-c-elf.a(malloc.DA_eo)
 .libc.malloc     0x000c0a         0x54 c:/program files/microchip/xc16/v1.70/bin/bin/../../lib\liblega-c-elf.a(malloc.DA_eo)
                  0x000c0a                  _malloc
 .libc.memcpy     0x000c5e          0xe c:/program files/microchip/xc16/v1.70/bin/bin/../../lib\liblega-c-elf.a(memcpy.DA_eo)
                  0x000c5e                  _memcpy
 .libc.memset     0x000c6c          0xe c:/program files/microchip/xc16/v1.70/bin/bin/../../lib\liblega-c-elf.a(memset.DA_eo)
                  0x000c6c                  _memset
 .libc.raise      0x000c7a         0x88 c:/program files/microchip/xc16/v1.70/bin/bin/../../lib\liblega-c-elf.a(raise.DA_eo)
                  0x000c7a                  _raise
 .libc.signal     0x000d02         0x16 c:/program files/microchip/xc16/v1.70/bin/bin/../../lib\liblega-c-elf.a(signal.DA_eo)
                  0x000d02                  _signal
 .libc.strchr     0x000d18         0x18 c:/program files/microchip/xc16/v1.70/bin/bin/../../lib\liblega-c-elf.a(strchr.DA_eo)
                  0x000d18                  _strchr
 .libc.strcmp     0x000d30         0x20 c:/program files/microchip/xc16/v1.70/bin/bin/../../lib\liblega-c-elf.a(strcmp.DA_eo)
                  0x000d30                  _strcmp
 .libc.strcpy     0x000d50          0xc c:/program files/microchip/xc16/v1.70/bin/bin/../../lib\liblega-c-elf.a(strcpy.DA_eo)
                  0x000d50                  _strcpy
 .libc.strlen     0x000d5c          0xc c:/program files/microchip/xc16/v1.70/bin/bin/../../lib\liblega-c-elf.a(strlen.DA_eo)
                  0x000d5c                  _strlen
 .libc.strstr     0x000d68         0x2a c:/program files/microchip/xc16/v1.70/bin/bin/../../lib\liblega-c-elf.a(strstr.DA_eo)
                  0x000d68                  _strstr
 .libc._Getmem    0x000d92         0x14 c:/program files/microchip/xc16/v1.70/bin/bin/../../lib\liblega-c-elf.a(xgetmem.DA_eo)
                  0x000d92                  __Getmem
 .libc._Stoul     0x000da6        0x138 c:/program files/microchip/xc16/v1.70/bin/bin/../../lib\liblega-c-elf.a(xstoul.DA_eo)
                  0x000da6                  __Stoul
 .libc.prout      0x000ede         0x1c c:/program files/microchip/xc16/v1.70/bin/bin/../../lib\liblega-c-elf.a(fprintf_cdnopuxX.DAeo)
                  0x000ede                  fprintf_cdnopuxX.DAeo:_prout
 .libc._fprintf_cdnopuxX
                  0x000efa         0x10 c:/program files/microchip/xc16/v1.70/bin/bin/../../lib\liblega-c-elf.a(fprintf_cdnopuxX.DAeo)
                  0x000efa                  __fprintf_cdnopuxX
 .libc.eprout     0x000f0a         0x1e c:/program files/microchip/xc16/v1.70/bin/bin/../../lib\liblega-c-elf.a(xprintf_cdnopuxX.DAeo)
                  0x000f0a                  xprintf_cdnopuxX.DAeo:_eprout
 .libc.__ePrintf_cdnopuxX
                  0x000f28        0x176 c:/program files/microchip/xc16/v1.70/bin/bin/../../lib\liblega-c-elf.a(xprintf_cdnopuxX.DAeo)
                  0x000f28                  ___ePrintf_cdnopuxX
 .libc.__Printf_cdnopuxX
                  0x00109e          0xa c:/program files/microchip/xc16/v1.70/bin/bin/../../lib\liblega-c-elf.a(xprintf_cdnopuxX.DAeo)
 .libc.eprout     0x0010a8         0x1a c:/program files/microchip/xc16/v1.70/bin/bin/../../lib\liblega-c-elf.a(sprintf_cdfFnopsuxX.DAeo)
                  0x0010a8                  sprintf_cdfFnopsuxX.DAeo:_eprout
 .libc.prout      0x0010c2          0xe c:/program files/microchip/xc16/v1.70/bin/bin/../../lib\liblega-c-elf.a(sprintf_cdfFnopsuxX.DAeo)
                  0x0010c2                  sprintf_cdfFnopsuxX.DAeo:_prout
 .libc._sprintf_cdfFnopsuxX
                  0x0010d0         0x20 c:/program files/microchip/xc16/v1.70/bin/bin/../../lib\liblega-c-elf.a(sprintf_cdfFnopsuxX.DAeo)
                  0x0010d0                  __sprintf_cdfFnopsuxX
                  0x0010d0                  __sprintf_cdnopuxX
                  0x0010d0                  __sprintf_cdnopsuxX
 .libc.eprout     0x0010f0         0x1e c:/program files/microchip/xc16/v1.70/bin/bin/../../lib\liblega-c-elf.a(xprintf_cdfFnopsuxX.DAeo)
                  0x0010f0                  xprintf_cdfFnopsuxX.DAeo:_eprout
 .libc.__ePrintf_cdfFnopsuxX
                  0x00110e        0x176 c:/program files/microchip/xc16/v1.70/bin/bin/../../lib\liblega-c-elf.a(xprintf_cdfFnopsuxX.DAeo)
                  0x00110e                  ___ePrintf_cdfFnopsuxX
 .libc.__Printf_cdfFnopsuxX
                  0x001284          0xa c:/program files/microchip/xc16/v1.70/bin/bin/../../lib\liblega-c-elf.a(xprintf_cdfFnopsuxX.DAeo)
                  0x001284                  ___Printf_cdfFnopsuxX
                  0x001284                  ___Printf_cdnopuxX
                  0x001284                  ___Printf_cdnopsuxX
 .libc.__Putfld_cdfFnopsuxX
                  0x00128e        0x316 c:/program files/microchip/xc16/v1.70/bin/bin/../../lib\liblega-c-elf.a(xputfld_cdfFnopsuxX.DAeo)
                  0x00128e                  ___Putfld_cdnopsuxX
                  0x00128e                  ___Putfld_cdfFnopsuxX
                  0x00128e                  ___Putfld_cdnopuxX
 .libc.__Ldtob_cdfFnopsuxX
                  0x0015a4        0x250 c:/program files/microchip/xc16/v1.70/bin/bin/../../lib\liblega-c-elf.a(xldtob_cdfFnopsuxX.DAeo)
                  0x0015a4                  ___Ldtob_cdfFnopsuxX
 .libc.__Genld_cdfFnopsuxX
                  0x0017f4        0x208 c:/program files/microchip/xc16/v1.70/bin/bin/../../lib\liblega-c-elf.a(xgenld_cdfFnopsuxX.DAeo)
                  0x0017f4                  ___Genld_cdfFnopsuxX
 .libc.eprout     0x0019fc         0x1e c:/program files/microchip/xc16/v1.70/bin/bin/../../lib\liblega-c-elf.a(xprintf_cdnopsuxX.DAeo)
                  0x0019fc                  xprintf_cdnopsuxX.DAeo:_eprout
 .libc.__ePrintf_cdnopsuxX
                  0x001a1a        0x176 c:/program files/microchip/xc16/v1.70/bin/bin/../../lib\liblega-c-elf.a(xprintf_cdnopsuxX.DAeo)
                  0x001a1a                  ___ePrintf_cdnopsuxX
 .libc.__Printf_cdnopsuxX
                  0x001b90          0xa c:/program files/microchip/xc16/v1.70/bin/bin/../../lib\liblega-c-elf.a(xprintf_cdnopsuxX.DAeo)
 .libc.div        0x001b9a         0x16 c:/program files/microchip/xc16/v1.70/bin/bin/../../lib\liblega-c-elf.a(div.DA_eo)
                  0x001b9a                  _div
 .libc.fputs      0x001bb0         0x90 c:/program files/microchip/xc16/v1.70/bin/bin/../../lib\liblega-c-elf.a(fputs.DA_eo)
                  0x001bb0                  _fputs
 .libc.fwrite     0x001c40         0xa8 c:/program files/microchip/xc16/v1.70/bin/bin/../../lib\liblega-c-elf.a(fwrite.DA_eo)
                  0x001c40                  _fwrite
 .libc.ldiv       0x001ce8         0x2a c:/program files/microchip/xc16/v1.70/bin/bin/../../lib\liblega-c-elf.a(ldiv.DA_eo)
                  0x001ce8                  _ldiv
 .libc.memchr     0x001d12         0x14 c:/program files/microchip/xc16/v1.70/bin/bin/../../lib\liblega-c-elf.a(memchr.DA_eo)
                  0x001d12                  _memchr
 .libc.strrchr    0x001d26         0x14 c:/program files/microchip/xc16/v1.70/bin/bin/../../lib\liblega-c-elf.a(strrchr.DA_eo)
                  0x001d26                  _strrchr
 .libc._Fwprep    0x001d3a         0x8e c:/program files/microchip/xc16/v1.70/bin/bin/../../lib\liblega-c-elf.a(xfwprep.DA_eo)
                  0x001d3a                  __Fwprep
 .libc._LDunscale
                  0x001dc8         0x54 c:/program files/microchip/xc16/v1.70/bin/bin/../../lib\liblega-c-elf.a(xldunsca.DA_eo)
                  0x001dc8                  __LDunscale
 .libc._Litob     0x001e1c        0x25e c:/program files/microchip/xc16/v1.70/bin/bin/../../lib\liblega-c-elf.a(xlitob.DA_eo)
                  0x001e1c                  __Litob
 .libc._Puttxt    0x00207a        0x1b4 c:/program files/microchip/xc16/v1.70/bin/bin/../../lib\liblega-c-elf.a(xputtxt.DA_eo)
                  0x00207a                  __Puttxt
 .libc._Vacopy    0x00222e          0x4 c:/program files/microchip/xc16/v1.70/bin/bin/../../lib\liblega-c-elf.a(xvacopy.DA_eo)
                  0x00222e                  __Vacopy
 .libc.efwrite    0x002232         0xd8 c:/program files/microchip/xc16/v1.70/bin/bin/../../lib\liblega-c-elf.a(efwrite.DA_eo)
                  0x002232                  _efwrite
 .libc.closeallreg
                  0x00230a          0x4 c:/program files/microchip/xc16/v1.70/bin/bin/../../lib\liblega-c-elf.a(fclose.DA_elo)
 .libc._Closreg
                  0x00230e         0x12 c:/program files/microchip/xc16/v1.70/bin/bin/../../lib\liblega-c-elf.a(fclose.DA_elo)
                  0x00230e                  __Closreg
 .libc.fclose     0x002320         0x90 c:/program files/microchip/xc16/v1.70/bin/bin/../../lib\liblega-c-elf.a(fclose.DA_elo)
                  0x002320                  _fclose
 .libc.closeall
                  0x0023b0         0x20 c:/program files/microchip/xc16/v1.70/bin/bin/../../lib\liblega-c-elf.a(fclose.DA_elo)
                  0x0023b0                  fclose.DA_elo:_closeall
 .libc._DNKfflush
                  0x0023d0         0x76 c:/program files/microchip/xc16/v1.70/bin/bin/../../lib\liblega-c-elf.a(fflush.DA_elo)
                  0x0023d0                  __DNKfflush
 .libc._Atexit    0x002446         0x18 c:/program files/microchip/xc16/v1.70/bin/bin/../../lib\liblega-c-elf.a(xatexit.DA_elo)
                  0x002446                  __Atexit
 .libc._Dnorm     0x00245e         0x98 c:/program files/microchip/xc16/v1.70/bin/bin/../../lib\liblega-c-elf.a(xdnorm.DA_elo)
                  0x00245e                  __Dnorm
 .libc.doclose    0x0024f6          0x4 c:/program files/microchip/xc16/v1.70/bin/bin/../../lib\liblega-pic30-elf.a(closeda.Leo)
 .libc.doremove
                  0x0024fa          0x4 c:/program files/microchip/xc16/v1.70/bin/bin/../../lib\liblega-pic30-elf.a(removeda.Leo)
 .libc.memcpy_eds
                  0x0024fe         0x52 c:/program files/microchip/xc16/v1.70/bin/bin/../../lib\liblega-pic30-elf.a(memcpy_edsda.Leo)
                  0x0024fe                  __memcpy_eds_3
                  0x0024fe                  __memcpy_eds
 .libc._memchr_eds
                  0x002550         0x36 c:/program files/microchip/xc16/v1.70/bin/bin/../../lib\liblega-pic30-elf.a(memchr_edsda.Leo)
                  0x002550                  __memchr_eds
 .libm.eqdf2      0x002586          0xa c:/program files/microchip/xc16/v1.70/bin/bin/../../lib\libm-elf.a(deqltle.daeo)
                  0x002586                  ___eqdf2
                  0x002586                  ___ltdf2
                  0x002586                  ___ledf2
 .libm.gtdf2      0x002590          0xa c:/program files/microchip/xc16/v1.70/bin/bin/../../lib\libm-elf.a(dgtge.daeo)
                  0x002590                  ___gtdf2
                  0x002590                  ___gedf2
 .libm.divdf3     0x00259a         0xb4 c:/program files/microchip/xc16/v1.70/bin/bin/../../lib\libm-elf.a(divdf3.daeo)
                  0x00259a                  ___divdf3
 .libm.dpack      0x00264e         0x58 c:/program files/microchip/xc16/v1.70/bin/bin/../../lib\libm-elf.a(dpack.daeo)
                  0x00264e                  __dpack
 .libm.dunpack2
                  0x0026a6         0x32 c:/program files/microchip/xc16/v1.70/bin/bin/../../lib\libm-elf.a(dunpack2.daeo)
                  0x0026a6                  __dunpack2
                  0x0026c8                  __dreturnNaN
                  0x0026ce                  __dunpack2exit
 .libm.extendsfdf2
                  0x0026d8         0x3e c:/program files/microchip/xc16/v1.70/bin/bin/../../lib\libm-elf.a(extendsfdf.daeo)
                  0x0026d8                  ___extendsfdf2
 .libm.fixdfsi    0x002716         0x58 c:/program files/microchip/xc16/v1.70/bin/bin/../../lib\libm-elf.a(fixdfsi.daeo)
                  0x002716                  _(float, int, long long, double, float, short, int)
 .libm.floatsidf
                  0x00276e          0x6 c:/program files/microchip/xc16/v1.70/bin/bin/../../lib\libm-elf.a(floatsidf.daeo)
                  0x00276e                  ___floatsidf
 .libm.muldf3     0x002774         0xec c:/program files/microchip/xc16/v1.70/bin/bin/../../lib\libm-elf.a(muldf3.daeo)
                  0x002774                  ___muldf3
 .libm.subdf3     0x002860          0x4 c:/program files/microchip/xc16/v1.70/bin/bin/../../lib\libm-elf.a(subdf3.daeo)
                  0x002860                  ___subdf3
 .libm.umodsi3    0x002864          0x6 c:/program files/microchip/xc16/v1.70/bin/bin/../../lib\libm-elf.a(umodsi3.daeo)
                  0x002864                  ___umodsi3
 .libm.mulsi3     0x00286a          0xc c:/program files/microchip/xc16/v1.70/bin/bin/../../lib\libm-elf.a(mulsi3.daeo)
                  0x00286a                  ___mulp32peds3
                  0x00286a                  ___mulsi3
                  0x00286a                  ___mulp32eds3
 *fill*           0x002876          0x400
 .libm.adddf3     0x002878         0xfc c:/program files/microchip/xc16/v1.70/bin/bin/../../lib\libm-elf.a(adddf3.daeo)
                  0x002878                  ___adddf3
 .libm.dcompare
                  0x002974         0x52 c:/program files/microchip/xc16/v1.70/bin/bin/../../lib\libm-elf.a(dcompare.daeo)
                  0x002974                  __dcompare
 .libm.dPropagateNaN
                  0x0029c6         0x1c c:/program files/microchip/xc16/v1.70/bin/bin/../../lib\libm-elf.a(dpropagateNaN.daeo)
                  0x0029c6                  __dPropagateNaN
 .libm.dtype      0x0029e2         0x24 c:/program files/microchip/xc16/v1.70/bin/bin/../../lib\libm-elf.a(dtype.daeo)
                  0x0029e2                  __dtype
 .libm.dunpack    0x002a06         0x4e c:/program files/microchip/xc16/v1.70/bin/bin/../../lib\libm-elf.a(dunpack.daeo)
                  0x002a06                  __dunpack
 .libm.floatdidf
                  0x002a54         0x20 c:/program files/microchip/xc16/v1.70/bin/bin/../../lib\libm-elf.a(floatdidf.daeo)
                  0x002a54                  ___floatdidf
 .libm.floatundidf
                  0x002a74         0x56 c:/program files/microchip/xc16/v1.70/bin/bin/../../lib\libm-elf.a(floatundidf.daeo)
                  0x002a74                  ___floatundidf

usercode
 *(usercode)

__FSEC            0x02af00          0x2
 *(__FSEC.sec*)
 __FSEC.sec       0x02af00          0x2 /CW/_FSEC
                  0x02af00                  __FSEC.sec

__FBSLIM
 *(__FBSLIM.sec*)

__FSIGN
 *(__FSIGN.sec*)

__FOSCSEL
 *(__FOSCSEL.sec*)

__FOSC
 *(__FOSC.sec*)

__FWDT
 *(__FWDT.sec*)

__FPOR
 *(__FPOR.sec*)

__FICD
 *(__FICD.sec*)

__FDEVOPT1
 *(__FDEVOPT1.sec*)

.comment          0x000000         0x5e
 *(.comment)
 .comment         0x000000         0x5e c:/program files/microchip/xc16/v1.70/bin/bin/../../lib\liblega-c-elf.a(xfiles.DA_eo)

.debug_info       0x000000      0x12512
 *(.debug_info)
 .debug_info      0x000000       0x14b2 build/default/production/_ext/1693421727/App_Setup.o
 .debug_info      0x0014b2        0x801 build/default/production/_ext/1693421727/App_quectel_common_interface.o
 .debug_info      0x001cb3       0x1111 build/default/production/_ext/1693421727/App_gps_comm_interface.o
 .debug_info      0x002dc4       0x1cf9 build/default/production/_ext/1693421727/App_gprs_comm_interface.o
 .debug_info      0x004abd       0x1269 build/default/production/_ext/1693421727/App_user_interface.o
 .debug_info      0x005d26        0x1c1 build/default/production/_ext/1270477542/delay.o
 .debug_info      0x005ee7        0x3ae build/default/production/_ext/1270477542/hexString.o
 .debug_info      0x006295        0xaf1 build/default/production/_ext/1270477542/queue.o
 .debug_info      0x006d86        0xa91 build/default/production/_ext/1270477542/tick.o
 .debug_info      0x007817       0x110d build/default/production/_ext/1270477542/utility.o
 .debug_info      0x008924        0xc01 build/default/production/_ext/918604917/NMEA_parser.o
 .debug_info      0x009525        0x43f build/default/production/_ext/1769188794/clock.o
 .debug_info      0x009964        0xef0 build/default/production/_ext/1769188794/interrupt_manager.o
 .debug_info      0x00a854        0x18f build/default/production/_ext/1769188794/mcc.o
 .debug_info      0x00a9e3        0xfd4 build/default/production/_ext/1769188794/pin_manager.o
 .debug_info      0x00b9b7        0xb3c build/default/production/_ext/1769188794/rtcc.o
 .debug_info      0x00c4f3        0x933 build/default/production/_ext/1769188794/spi1.o
 .debug_info      0x00ce26        0x18e build/default/production/_ext/1769188794/system.o
 .debug_info      0x00cfb4        0x951 build/default/production/_ext/1769188794/tmr1.o
 .debug_info      0x00d905       0x168b build/default/production/_ext/1769188794/tmr3.o
 .debug_info      0x00ef90        0x443 build/default/production/_ext/1769188794/traps.o
 .debug_info      0x00f3d3        0xfd5 build/default/production/_ext/1769188794/uart1.o
 .debug_info      0x0103a8       0x1228 build/default/production/_ext/1769188794/uart2.o
 .debug_info      0x0115d0        0xac1 build/default/production/_ext/638798250/Quectel_interface.o
 .debug_info      0x012091        0x481 build/default/production/_ext/1472/main.o
 *(.gnu.linkonce.wi.*)

.debug_abbrev     0x000000       0x202d
 *(.debug_abbrev)
 .debug_abbrev    0x000000        0x117 build/default/production/_ext/1693421727/App_Setup.o
 .debug_abbrev    0x000117        0x180 build/default/production/_ext/1693421727/App_quectel_common_interface.o
 .debug_abbrev    0x000297        0x16b build/default/production/_ext/1693421727/App_gps_comm_interface.o
 .debug_abbrev    0x000402        0x225 build/default/production/_ext/1693421727/App_gprs_comm_interface.o
 .debug_abbrev    0x000627        0x104 build/default/production/_ext/1693421727/App_user_interface.o
 .debug_abbrev    0x00072b         0x7d build/default/production/_ext/1270477542/delay.o
 .debug_abbrev    0x0007a8         0x8d build/default/production/_ext/1270477542/hexString.o
 .debug_abbrev    0x000835        0x1e5 build/default/production/_ext/1270477542/queue.o
 .debug_abbrev    0x000a1a        0x1c9 build/default/production/_ext/1270477542/tick.o
 .debug_abbrev    0x000be3        0x15d build/default/production/_ext/1270477542/utility.o
 .debug_abbrev    0x000d40        0x186 build/default/production/_ext/918604917/NMEA_parser.o
 .debug_abbrev    0x000ec6         0xc5 build/default/production/_ext/1769188794/clock.o
 .debug_abbrev    0x000f8b         0xb4 build/default/production/_ext/1769188794/interrupt_manager.o
 .debug_abbrev    0x00103f         0x34 build/default/production/_ext/1769188794/mcc.o
 .debug_abbrev    0x001073         0xe6 build/default/production/_ext/1769188794/pin_manager.o
 .debug_abbrev    0x001159        0x1ce build/default/production/_ext/1769188794/rtcc.o
 .debug_abbrev    0x001327        0x147 build/default/production/_ext/1769188794/spi1.o
 .debug_abbrev    0x00146e         0x34 build/default/production/_ext/1769188794/system.o
 .debug_abbrev    0x0014a2        0x183 build/default/production/_ext/1769188794/tmr1.o
 .debug_abbrev    0x001625        0x1ee build/default/production/_ext/1769188794/tmr3.o
 .debug_abbrev    0x001813        0x100 build/default/production/_ext/1769188794/traps.o
 .debug_abbrev    0x001913        0x248 build/default/production/_ext/1769188794/uart1.o
 .debug_abbrev    0x001b5b        0x256 build/default/production/_ext/1769188794/uart2.o
 .debug_abbrev    0x001db1        0x1b0 build/default/production/_ext/638798250/Quectel_interface.o
 .debug_abbrev    0x001f61         0xcc build/default/production/_ext/1472/main.o

.debug_line       0x000000       0x250c
 *(.debug_line)
 .debug_line      0x000000        0x151 build/default/production/_ext/1693421727/App_Setup.o
 .debug_line      0x000151        0x175 build/default/production/_ext/1693421727/App_quectel_common_interface.o
 .debug_line      0x0002c6        0x1e8 build/default/production/_ext/1693421727/App_gps_comm_interface.o
 .debug_line      0x0004ae        0x3b0 build/default/production/_ext/1693421727/App_gprs_comm_interface.o
 .debug_line      0x00085e        0x138 build/default/production/_ext/1693421727/App_user_interface.o
 .debug_line      0x000996         0x9c build/default/production/_ext/1270477542/delay.o
 .debug_line      0x000a32         0xde build/default/production/_ext/1270477542/hexString.o
 .debug_line      0x000b10        0x1ba build/default/production/_ext/1270477542/queue.o
 .debug_line      0x000cca        0x147 build/default/production/_ext/1270477542/tick.o
 .debug_line      0x000e11        0x1fe build/default/production/_ext/1270477542/utility.o
 .debug_line      0x00100f        0x1f9 build/default/production/_ext/918604917/NMEA_parser.o
 .debug_line      0x001208        0x114 build/default/production/_ext/1769188794/clock.o
 .debug_line      0x00131c        0x11e build/default/production/_ext/1769188794/interrupt_manager.o
 .debug_line      0x00143a         0x4c build/default/production/_ext/1769188794/mcc.o
 .debug_line      0x001486        0x17f build/default/production/_ext/1769188794/pin_manager.o
 .debug_line      0x001605        0x1be build/default/production/_ext/1769188794/rtcc.o
 .debug_line      0x0017c3        0x161 build/default/production/_ext/1769188794/spi1.o
 .debug_line      0x001924         0x54 build/default/production/_ext/1769188794/system.o
 .debug_line      0x001978        0x14d build/default/production/_ext/1769188794/tmr1.o
 .debug_line      0x001ac5        0x20d build/default/production/_ext/1769188794/tmr3.o
 .debug_line      0x001cd2        0x139 build/default/production/_ext/1769188794/traps.o
 .debug_line      0x001e0b        0x1ca build/default/production/_ext/1769188794/uart1.o
 .debug_line      0x001fd5        0x1de build/default/production/_ext/1769188794/uart2.o
 .debug_line      0x0021b3        0x22f build/default/production/_ext/638798250/Quectel_interface.o
 .debug_line      0x0023e2        0x12a build/default/production/_ext/1472/main.o

.debug_frame      0x000000       0x1ae8
 *(.debug_frame)
 .debug_frame     0x000000         0x7c build/default/production/_ext/1693421727/App_Setup.o
 .debug_frame     0x00007c         0x96 build/default/production/_ext/1693421727/App_quectel_common_interface.o
 .debug_frame     0x000112         0xb0 build/default/production/_ext/1693421727/App_gps_comm_interface.o
 .debug_frame     0x0001c2        0x1ee build/default/production/_ext/1693421727/App_gprs_comm_interface.o
 .debug_frame     0x0003b0         0x2e build/default/production/_ext/1693421727/App_user_interface.o
 .debug_frame     0x0003de         0x48 build/default/production/_ext/1270477542/delay.o
 .debug_frame     0x000426         0xa6 build/default/production/_ext/1270477542/hexString.o
 .debug_frame     0x0004cc        0x250 build/default/production/_ext/1270477542/queue.o
 .debug_frame     0x00071c         0xca build/default/production/_ext/1270477542/tick.o
 .debug_frame     0x0007e6        0x36e build/default/production/_ext/1270477542/utility.o
 .debug_frame     0x000b54        0x3de build/default/production/_ext/918604917/NMEA_parser.o
 .debug_frame     0x000f32         0x2e build/default/production/_ext/1769188794/clock.o
 .debug_frame     0x000f60         0x2e build/default/production/_ext/1769188794/interrupt_manager.o
 .debug_frame     0x000f8e         0x2e build/default/production/_ext/1769188794/mcc.o
 .debug_frame     0x000fbc         0x52 build/default/production/_ext/1769188794/pin_manager.o
 .debug_frame     0x00100e        0x188 build/default/production/_ext/1769188794/rtcc.o
 .debug_frame     0x001196         0xca build/default/production/_ext/1769188794/spi1.o
 .debug_frame     0x001260         0x2e build/default/production/_ext/1769188794/system.o
 .debug_frame     0x00128e        0x170 build/default/production/_ext/1769188794/tmr1.o
 .debug_frame     0x0013fe        0x170 build/default/production/_ext/1769188794/tmr3.o
 .debug_frame     0x00156e         0x8e build/default/production/_ext/1769188794/traps.o
 .debug_frame     0x0015fc        0x1da build/default/production/_ext/1769188794/uart1.o
 .debug_frame     0x0017d6        0x1f4 build/default/production/_ext/1769188794/uart2.o
 .debug_frame     0x0019ca         0xf0 build/default/production/_ext/638798250/Quectel_interface.o
 .debug_frame     0x001aba         0x2e build/default/production/_ext/1472/main.o

.debug_str        0x000000        0x773
 *(.debug_str)
 .debug_str       0x000000         0x4f build/default/production/_ext/1693421727/App_Setup.o
 .debug_str       0x00004f         0x29 build/default/production/_ext/1693421727/App_quectel_common_interface.o
 .debug_str       0x000078         0x7a build/default/production/_ext/1693421727/App_gps_comm_interface.o
 .debug_str       0x0000f2         0xbe build/default/production/_ext/1693421727/App_gprs_comm_interface.o
 .debug_str       0x0001b0         0x2d build/default/production/_ext/1693421727/App_user_interface.o
 .debug_str       0x0001dd          0x7 build/default/production/_ext/1270477542/hexString.o
 .debug_str       0x0001e4         0x24 build/default/production/_ext/1270477542/queue.o
 .debug_str       0x000208         0x35 build/default/production/_ext/1270477542/tick.o
 .debug_str       0x00023d          0xc build/default/production/_ext/1270477542/utility.o
 .debug_str       0x000249         0xa3 build/default/production/_ext/918604917/NMEA_parser.o
 .debug_str       0x0002ec         0x1d build/default/production/_ext/1769188794/clock.o
 .debug_str       0x000309         0x41 build/default/production/_ext/1769188794/interrupt_manager.o
 .debug_str       0x00034a         0x8f build/default/production/_ext/1769188794/pin_manager.o
 .debug_str       0x0003d9         0xda build/default/production/_ext/1769188794/rtcc.o
 .debug_str       0x0004b3         0xa3 build/default/production/_ext/1769188794/spi1.o
 .debug_str       0x000556         0x1c build/default/production/_ext/1769188794/tmr1.o
 .debug_str       0x000572         0xcd build/default/production/_ext/1769188794/tmr3.o
 .debug_str       0x00063f         0x18 build/default/production/_ext/1769188794/traps.o
 .debug_str       0x000657         0x53 build/default/production/_ext/1769188794/uart1.o
 .debug_str       0x0006aa         0x6d build/default/production/_ext/1769188794/uart2.o
 .debug_str       0x000717         0x4a build/default/production/_ext/638798250/Quectel_interface.o
 .debug_str       0x000761         0x12 build/default/production/_ext/1472/main.o

.debug_loc
 *(.debug_loc)

.debug_macinfo
 *(.debug_macinfo)

.debug_pubnames
                  0x000000       0x1587
 *(.debug_pubnames)
 .debug_pubnames
                  0x000000         0x6a build/default/production/_ext/1693421727/App_Setup.o
 .debug_pubnames
                  0x00006a         0xc3 build/default/production/_ext/1693421727/App_quectel_common_interface.o
 .debug_pubnames
                  0x00012d         0xc1 build/default/production/_ext/1693421727/App_gps_comm_interface.o
 .debug_pubnames
                  0x0001ee         0xaf build/default/production/_ext/1693421727/App_gprs_comm_interface.o
 .debug_pubnames
                  0x00029d         0x40 build/default/production/_ext/1693421727/App_user_interface.o
 .debug_pubnames
                  0x0002dd         0x2b build/default/production/_ext/1270477542/delay.o
 .debug_pubnames
                  0x000308         0x7c build/default/production/_ext/1270477542/hexString.o
 .debug_pubnames
                  0x000384        0x17d build/default/production/_ext/1270477542/queue.o
 .debug_pubnames
                  0x000501         0x91 build/default/production/_ext/1270477542/tick.o
 .debug_pubnames
                  0x000592        0x312 build/default/production/_ext/1270477542/utility.o
 .debug_pubnames
                  0x0008a4        0x2ae build/default/production/_ext/918604917/NMEA_parser.o
 .debug_pubnames
                  0x000b52         0x27 build/default/production/_ext/1769188794/clock.o
 .debug_pubnames
                  0x000b79         0x2b build/default/production/_ext/1769188794/interrupt_manager.o
 .debug_pubnames
                  0x000ba4         0x2c build/default/production/_ext/1769188794/mcc.o
 .debug_pubnames
                  0x000bd0         0x3f build/default/production/_ext/1769188794/pin_manager.o
 .debug_pubnames
                  0x000c0f         0xf2 build/default/production/_ext/1769188794/rtcc.o
 .debug_pubnames
                  0x000d01         0xae build/default/production/_ext/1769188794/spi1.o
 .debug_pubnames
                  0x000daf         0x28 build/default/production/_ext/1769188794/system.o
 .debug_pubnames
                  0x000dd7        0x11f build/default/production/_ext/1769188794/tmr1.o
 .debug_pubnames
                  0x000ef6        0x1cf build/default/production/_ext/1769188794/tmr3.o
 .debug_pubnames
                  0x0010c5         0x7d build/default/production/_ext/1769188794/traps.o
 .debug_pubnames
                  0x001142        0x19e build/default/production/_ext/1769188794/uart1.o
 .debug_pubnames
                  0x0012e0        0x1a8 build/default/production/_ext/1769188794/uart2.o
 .debug_pubnames
                  0x001488         0xe4 build/default/production/_ext/638798250/Quectel_interface.o
 .debug_pubnames
                  0x00156c         0x1b build/default/production/_ext/1472/main.o

.debug_ranges
 *(.debug_ranges)

.debug_aranges    0x000000        0x260
 *(.debug_aranges)
 .debug_aranges
                  0x000000         0x18 build/default/production/_ext/1693421727/App_Setup.o
 .debug_aranges
                  0x000018         0x18 build/default/production/_ext/1693421727/App_quectel_common_interface.o
 .debug_aranges
                  0x000030         0x18 build/default/production/_ext/1693421727/App_gps_comm_interface.o
 .debug_aranges
                  0x000048         0x18 build/default/production/_ext/1693421727/App_gprs_comm_interface.o
 .debug_aranges
                  0x000060         0x18 build/default/production/_ext/1693421727/App_user_interface.o
 .debug_aranges
                  0x000078         0x18 build/default/production/_ext/1270477542/delay.o
 .debug_aranges
                  0x000090         0x18 build/default/production/_ext/1270477542/hexString.o
 .debug_aranges
                  0x0000a8         0x18 build/default/production/_ext/1270477542/queue.o
 .debug_aranges
                  0x0000c0         0x18 build/default/production/_ext/1270477542/tick.o
 .debug_aranges
                  0x0000d8         0x18 build/default/production/_ext/1270477542/utility.o
 .debug_aranges
                  0x0000f0         0x18 build/default/production/_ext/918604917/NMEA_parser.o
 .debug_aranges
                  0x000108         0x18 build/default/production/_ext/1769188794/clock.o
 .debug_aranges
                  0x000120         0x18 build/default/production/_ext/1769188794/interrupt_manager.o
 .debug_aranges
                  0x000138         0x18 build/default/production/_ext/1769188794/mcc.o
 .debug_aranges
                  0x000150         0x18 build/default/production/_ext/1769188794/pin_manager.o
 .debug_aranges
                  0x000168         0x18 build/default/production/_ext/1769188794/rtcc.o
 .debug_aranges
                  0x000180         0x18 build/default/production/_ext/1769188794/spi1.o
 .debug_aranges
                  0x000198         0x18 build/default/production/_ext/1769188794/system.o
 .debug_aranges
                  0x0001b0         0x18 build/default/production/_ext/1769188794/tmr1.o
 .debug_aranges
                  0x0001c8         0x18 build/default/production/_ext/1769188794/tmr3.o
 .debug_aranges
                  0x0001e0         0x18 build/default/production/_ext/1769188794/traps.o
 .debug_aranges
                  0x0001f8         0x18 build/default/production/_ext/1769188794/uart1.o
 .debug_aranges
                  0x000210         0x20 build/default/production/_ext/1769188794/uart2.o
 .debug_aranges
                  0x000230         0x18 build/default/production/_ext/638798250/Quectel_interface.o
 .debug_aranges
                  0x000248         0x18 build/default/production/_ext/1472/main.o
                    0x0000                  WREG0 = 0x0
                    0x0000                  _WREG0 = 0x0
                    0x0002                  WREG1 = 0x2
                    0x0002                  _WREG1 = 0x2
                    0x0004                  WREG2 = 0x4
                    0x0004                  _WREG2 = 0x4
                    0x0006                  WREG3 = 0x6
                    0x0006                  _WREG3 = 0x6
                    0x0008                  WREG4 = 0x8
                    0x0008                  _WREG4 = 0x8
                    0x000a                  WREG5 = 0xa
                    0x000a                  _WREG5 = 0xa
                    0x000c                  WREG6 = 0xc
                    0x000c                  _WREG6 = 0xc
                    0x000e                  WREG7 = 0xe
                    0x000e                  _WREG7 = 0xe
                    0x0010                  WREG8 = 0x10
                    0x0010                  _WREG8 = 0x10
                    0x0012                  WREG9 = 0x12
                    0x0012                  _WREG9 = 0x12
                    0x0014                  WREG10 = 0x14
                    0x0014                  _WREG10 = 0x14
                    0x0016                  WREG11 = 0x16
                    0x0016                  _WREG11 = 0x16
                    0x0018                  WREG12 = 0x18
                    0x0018                  _WREG12 = 0x18
                    0x001a                  WREG13 = 0x1a
                    0x001a                  _WREG13 = 0x1a
                    0x001c                  WREG14 = 0x1c
                    0x001c                  _WREG14 = 0x1c
                    0x001e                  WREG15 = 0x1e
                    0x001e                  _WREG15 = 0x1e
                    0x0020                  SPLIM = 0x20
                    0x0020                  _SPLIM = 0x20
                    0x002e                  PCL = 0x2e
                    0x002e                  _PCL = 0x2e
                    0x0030                  PCH = 0x30
                    0x0030                  _PCH = 0x30
                    0x0032                  DSRPAG = 0x32
                    0x0032                  _DSRPAG = 0x32
                    0x0032                  _DSRPAGbits = 0x32
                    0x0034                  DSWPAG = 0x34
                    0x0034                  _DSWPAG = 0x34
                    0x0034                  _DSWPAGbits = 0x34
                    0x0036                  RCOUNT = 0x36
                    0x0036                  _RCOUNT = 0x36
                    0x0042                  SR = 0x42
                    0x0042                  _SR = 0x42
                    0x0042                  _SRbits = 0x42
                    0x0044                  CORCON = 0x44
                    0x0044                  _CORCON = 0x44
                    0x0044                  _CORCONbits = 0x44
                    0x0052                  DISICNT = 0x52
                    0x0052                  _DISICNT = 0x52
                    0x0052                  _DISICNTbits = 0x52
                    0x0054                  TBLPAG = 0x54
                    0x0054                  _TBLPAG = 0x54
                    0x0054                  _TBLPAGbits = 0x54
                    0x0080                  INTCON1 = 0x80
                    0x0080                  _INTCON1 = 0x80
                    0x0080                  _INTCON1bits = 0x80
                    0x0082                  INTCON2 = 0x82
                    0x0082                  _INTCON2 = 0x82
                    0x0082                  _INTCON2bits = 0x82
                    0x0086                  INTCON4 = 0x86
                    0x0086                  _INTCON4 = 0x86
                    0x0086                  _INTCON4bits = 0x86
                    0x0088                  IFS0 = 0x88
                    0x0088                  _IFS0 = 0x88
                    0x0088                  _IFS0bits = 0x88
                    0x008a                  IFS1 = 0x8a
                    0x008a                  _IFS1 = 0x8a
                    0x008a                  _IFS1bits = 0x8a
                    0x008c                  IFS2 = 0x8c
                    0x008c                  _IFS2 = 0x8c
                    0x008c                  _IFS2bits = 0x8c
                    0x008e                  IFS3 = 0x8e
                    0x008e                  _IFS3 = 0x8e
                    0x008e                  _IFS3bits = 0x8e
                    0x0090                  IFS4 = 0x90
                    0x0090                  _IFS4 = 0x90
                    0x0090                  _IFS4bits = 0x90
                    0x0092                  IFS5 = 0x92
                    0x0092                  _IFS5 = 0x92
                    0x0092                  _IFS5bits = 0x92
                    0x0094                  IFS6 = 0x94
                    0x0094                  _IFS6 = 0x94
                    0x0094                  _IFS6bits = 0x94
                    0x0096                  IFS7 = 0x96
                    0x0096                  _IFS7 = 0x96
                    0x0096                  _IFS7bits = 0x96
                    0x0098                  IEC0 = 0x98
                    0x0098                  _IEC0 = 0x98
                    0x0098                  _IEC0bits = 0x98
                    0x009a                  IEC1 = 0x9a
                    0x009a                  _IEC1 = 0x9a
                    0x009a                  _IEC1bits = 0x9a
                    0x009c                  IEC2 = 0x9c
                    0x009c                  _IEC2 = 0x9c
                    0x009c                  _IEC2bits = 0x9c
                    0x009e                  IEC3 = 0x9e
                    0x009e                  _IEC3 = 0x9e
                    0x009e                  _IEC3bits = 0x9e
                    0x00a0                  IEC4 = 0xa0
                    0x00a0                  _IEC4 = 0xa0
                    0x00a0                  _IEC4bits = 0xa0
                    0x00a2                  IEC5 = 0xa2
                    0x00a2                  _IEC5 = 0xa2
                    0x00a2                  _IEC5bits = 0xa2
                    0x00a4                  IEC6 = 0xa4
                    0x00a4                  _IEC6 = 0xa4
                    0x00a4                  _IEC6bits = 0xa4
                    0x00a6                  IEC7 = 0xa6
                    0x00a6                  _IEC7 = 0xa6
                    0x00a6                  _IEC7bits = 0xa6
                    0x00a8                  IPC0 = 0xa8
                    0x00a8                  _IPC0 = 0xa8
                    0x00a8                  _IPC0bits = 0xa8
                    0x00aa                  IPC1 = 0xaa
                    0x00aa                  _IPC1 = 0xaa
                    0x00aa                  _IPC1bits = 0xaa
                    0x00ac                  IPC2 = 0xac
                    0x00ac                  _IPC2 = 0xac
                    0x00ac                  _IPC2bits = 0xac
                    0x00ae                  IPC3 = 0xae
                    0x00ae                  _IPC3 = 0xae
                    0x00ae                  _IPC3bits = 0xae
                    0x00b0                  IPC4 = 0xb0
                    0x00b0                  _IPC4 = 0xb0
                    0x00b0                  _IPC4bits = 0xb0
                    0x00b2                  IPC5 = 0xb2
                    0x00b2                  _IPC5 = 0xb2
                    0x00b2                  _IPC5bits = 0xb2
                    0x00b4                  IPC6 = 0xb4
                    0x00b4                  _IPC6 = 0xb4
                    0x00b4                  _IPC6bits = 0xb4
                    0x00b6                  IPC7 = 0xb6
                    0x00b6                  _IPC7 = 0xb6
                    0x00b6                  _IPC7bits = 0xb6
                    0x00b8                  IPC8 = 0xb8
                    0x00b8                  _IPC8 = 0xb8
                    0x00b8                  _IPC8bits = 0xb8
                    0x00ba                  IPC9 = 0xba
                    0x00ba                  _IPC9 = 0xba
                    0x00ba                  _IPC9bits = 0xba
                    0x00bc                  IPC10 = 0xbc
                    0x00bc                  _IPC10 = 0xbc
                    0x00bc                  _IPC10bits = 0xbc
                    0x00be                  IPC11 = 0xbe
                    0x00be                  _IPC11 = 0xbe
                    0x00be                  _IPC11bits = 0xbe
                    0x00c0                  IPC12 = 0xc0
                    0x00c0                  _IPC12 = 0xc0
                    0x00c0                  _IPC12bits = 0xc0
                    0x00c2                  IPC13 = 0xc2
                    0x00c2                  _IPC13 = 0xc2
                    0x00c2                  _IPC13bits = 0xc2
                    0x00c4                  IPC14 = 0xc4
                    0x00c4                  _IPC14 = 0xc4
                    0x00c4                  _IPC14bits = 0xc4
                    0x00c6                  IPC15 = 0xc6
                    0x00c6                  _IPC15 = 0xc6
                    0x00c6                  _IPC15bits = 0xc6
                    0x00c8                  IPC16 = 0xc8
                    0x00c8                  _IPC16 = 0xc8
                    0x00c8                  _IPC16bits = 0xc8
                    0x00ca                  IPC17 = 0xca
                    0x00ca                  _IPC17 = 0xca
                    0x00ca                  _IPC17bits = 0xca
                    0x00cc                  IPC18 = 0xcc
                    0x00cc                  _IPC18 = 0xcc
                    0x00cc                  _IPC18bits = 0xcc
                    0x00ce                  IPC19 = 0xce
                    0x00ce                  _IPC19 = 0xce
                    0x00ce                  _IPC19bits = 0xce
                    0x00d0                  IPC20 = 0xd0
                    0x00d0                  _IPC20 = 0xd0
                    0x00d0                  _IPC20bits = 0xd0
                    0x00d2                  IPC21 = 0xd2
                    0x00d2                  _IPC21 = 0xd2
                    0x00d2                  _IPC21bits = 0xd2
                    0x00d4                  IPC22 = 0xd4
                    0x00d4                  _IPC22 = 0xd4
                    0x00d4                  _IPC22bits = 0xd4
                    0x00d6                  IPC23 = 0xd6
                    0x00d6                  _IPC23 = 0xd6
                    0x00d6                  _IPC23bits = 0xd6
                    0x00d8                  IPC24 = 0xd8
                    0x00d8                  _IPC24 = 0xd8
                    0x00d8                  _IPC24bits = 0xd8
                    0x00da                  IPC25 = 0xda
                    0x00da                  _IPC25 = 0xda
                    0x00da                  _IPC25bits = 0xda
                    0x00dc                  IPC26 = 0xdc
                    0x00dc                  _IPC26 = 0xdc
                    0x00dc                  _IPC26bits = 0xdc
                    0x00de                  IPC27 = 0xde
                    0x00de                  _IPC27 = 0xde
                    0x00de                  _IPC27bits = 0xde
                    0x00e0                  IPC28 = 0xe0
                    0x00e0                  _IPC28 = 0xe0
                    0x00e0                  _IPC28bits = 0xe0
                    0x00e2                  IPC29 = 0xe2
                    0x00e2                  _IPC29 = 0xe2
                    0x00e2                  _IPC29bits = 0xe2
                    0x00e4                  INTTREG = 0xe4
                    0x00e4                  _INTTREG = 0xe4
                    0x00e4                  _INTTREGbits = 0xe4
                    0x0100                  OSCCON = 0x100
                    0x0100                  _OSCCON = 0x100
                    0x0100                  _OSCCONbits = 0x100
                    0x0100                  OSCCONL = 0x100
                    0x0100                  _OSCCONL = 0x100
                    0x0101                  OSCCONH = 0x101
                    0x0101                  _OSCCONH = 0x101
                    0x0102                  CLKDIV = 0x102
                    0x0102                  _CLKDIV = 0x102
                    0x0102                  _CLKDIVbits = 0x102
                    0x0106                  OSCTUN = 0x106
                    0x0106                  _OSCTUN = 0x106
                    0x0106                  _OSCTUNbits = 0x106
                    0x0108                  DCOTUN = 0x108
                    0x0108                  _DCOTUN = 0x108
                    0x0108                  _DCOTUNbits = 0x108
                    0x010a                  DCOCON = 0x10a
                    0x010a                  _DCOCON = 0x10a
                    0x010a                  _DCOCONbits = 0x10a
                    0x010c                  OSCDIV = 0x10c
                    0x010c                  _OSCDIV = 0x10c
                    0x010c                  _OSCDIVbits = 0x10c
                    0x010e                  OSCFDIV = 0x10e
                    0x010e                  _OSCFDIV = 0x10e
                    0x010e                  _OSCFDIVbits = 0x10e
                    0x0110                  RCON = 0x110
                    0x0110                  _RCON = 0x110
                    0x0110                  _RCONbits = 0x110
                    0x0114                  HLVDCON = 0x114
                    0x0114                  _HLVDCON = 0x114
                    0x0114                  _HLVDCONbits = 0x114
                    0x0128                  PMCON1 = 0x128
                    0x0128                  _PMCON1 = 0x128
                    0x0128                  _PMCON1bits = 0x128
                    0x012a                  PMCON2 = 0x12a
                    0x012a                  _PMCON2 = 0x12a
                    0x012a                  _PMCON2bits = 0x12a
                    0x012c                  PMCON3 = 0x12c
                    0x012c                  _PMCON3 = 0x12c
                    0x012c                  _PMCON3bits = 0x12c
                    0x012e                  PMCON4 = 0x12e
                    0x012e                  _PMCON4 = 0x12e
                    0x012e                  _PMCON4bits = 0x12e
                    0x0130                  PMCS1CF = 0x130
                    0x0130                  _PMCS1CF = 0x130
                    0x0130                  _PMCS1CFbits = 0x130
                    0x0132                  PMCS1BS = 0x132
                    0x0132                  _PMCS1BS = 0x132
                    0x0132                  _PMCS1BSbits = 0x132
                    0x0134                  PMCS1MD = 0x134
                    0x0134                  _PMCS1MD = 0x134
                    0x0134                  _PMCS1MDbits = 0x134
                    0x0136                  PMCS2CF = 0x136
                    0x0136                  _PMCS2CF = 0x136
                    0x0136                  _PMCS2CFbits = 0x136
                    0x0138                  PMCS2BS = 0x138
                    0x0138                  _PMCS2BS = 0x138
                    0x0138                  _PMCS2BSbits = 0x138
                    0x013a                  PMCS2MD = 0x13a
                    0x013a                  _PMCS2MD = 0x13a
                    0x013a                  _PMCS2MDbits = 0x13a
                    0x013c                  PMDOUT1 = 0x13c
                    0x013c                  _PMDOUT1 = 0x13c
                    0x013e                  PMDOUT2 = 0x13e
                    0x013e                  _PMDOUT2 = 0x13e
                    0x0140                  PMDIN1 = 0x140
                    0x0140                  _PMDIN1 = 0x140
                    0x0142                  PMDIN2 = 0x142
                    0x0142                  _PMDIN2 = 0x142
                    0x0144                  PMSTAT = 0x144
                    0x0144                  _PMSTAT = 0x144
                    0x0144                  _PMSTATbits = 0x144
                    0x0158                  CRCCON1 = 0x158
                    0x0158                  _CRCCON1 = 0x158
                    0x0158                  _CRCCON1bits = 0x158
                    0x015a                  CRCCON2 = 0x15a
                    0x015a                  _CRCCON2 = 0x15a
                    0x015a                  _CRCCON2bits = 0x15a
                    0x015c                  CRCXORL = 0x15c
                    0x015c                  _CRCXORL = 0x15c
                    0x015c                  _CRCXORLbits = 0x15c
                    0x015e                  CRCXORH = 0x15e
                    0x015e                  _CRCXORH = 0x15e
                    0x015e                  _CRCXORHbits = 0x15e
                    0x0160                  CRCDAT = 0x160
                    0x0160                  _CRCDAT = 0x160
                    0x0160                  CRCDATL = 0x160
                    0x0160                  _CRCDATL = 0x160
                    0x0162                  CRCDATH = 0x162
                    0x0162                  _CRCDATH = 0x162
                    0x0164                  CRCWDAT = 0x164
                    0x0164                  _CRCWDAT = 0x164
                    0x0164                  CRCWDATL = 0x164
                    0x0164                  _CRCWDATL = 0x164
                    0x0166                  CRCWDATH = 0x166
                    0x0166                  _CRCWDATH = 0x166
                    0x0168                  REFOCON1 = 0x168
                    0x0168                  _REFOCON1 = 0x168
                    0x0168                  _REFOCON1bits = 0x168
                    0x0168                  REFOCONL = 0x168
                    0x0168                  _REFOCONL = 0x168
                    0x0168                  _REFOCONLbits = 0x168
                    0x016a                  REFOCON2 = 0x16a
                    0x016a                  _REFOCON2 = 0x16a
                    0x016a                  _REFOCON2bits = 0x16a
                    0x016a                  REFOCONH = 0x16a
                    0x016a                  _REFOCONH = 0x16a
                    0x016a                  _REFOCONHbits = 0x16a
                    0x0178                  PMD1 = 0x178
                    0x0178                  _PMD1 = 0x178
                    0x0178                  _PMD1bits = 0x178
                    0x017a                  PMD2 = 0x17a
                    0x017a                  _PMD2 = 0x17a
                    0x017a                  _PMD2bits = 0x17a
                    0x017c                  PMD3 = 0x17c
                    0x017c                  _PMD3 = 0x17c
                    0x017c                  _PMD3bits = 0x17c
                    0x017e                  PMD4 = 0x17e
                    0x017e                  _PMD4 = 0x17e
                    0x017e                  _PMD4bits = 0x17e
                    0x0180                  PMD5 = 0x180
                    0x0180                  _PMD5 = 0x180
                    0x0180                  _PMD5bits = 0x180
                    0x0182                  PMD6 = 0x182
                    0x0182                  _PMD6 = 0x182
                    0x0182                  _PMD6bits = 0x182
                    0x0184                  PMD7 = 0x184
                    0x0184                  _PMD7 = 0x184
                    0x0184                  _PMD7bits = 0x184
                    0x0186                  PMD8 = 0x186
                    0x0186                  _PMD8 = 0x186
                    0x0186                  _PMD8bits = 0x186
                    0x0190                  TMR1 = 0x190
                    0x0190                  _TMR1 = 0x190
                    0x0192                  PR1 = 0x192
                    0x0192                  _PR1 = 0x192
                    0x0194                  T1CON = 0x194
                    0x0194                  _T1CON = 0x194
                    0x0194                  _T1CONbits = 0x194
                    0x0196                  TMR2 = 0x196
                    0x0196                  _TMR2 = 0x196
                    0x0198                  TMR3HLD = 0x198
                    0x0198                  _TMR3HLD = 0x198
                    0x019a                  TMR3 = 0x19a
                    0x019a                  _TMR3 = 0x19a
                    0x019c                  PR2 = 0x19c
                    0x019c                  _PR2 = 0x19c
                    0x019e                  PR3 = 0x19e
                    0x019e                  _PR3 = 0x19e
                    0x01a0                  T2CON = 0x1a0
                    0x01a0                  _T2CON = 0x1a0
                    0x01a0                  _T2CONbits = 0x1a0
                    0x01a2                  T3CON = 0x1a2
                    0x01a2                  _T3CON = 0x1a2
                    0x01a2                  _T3CONbits = 0x1a2
                    0x01c0                  CTMUCON1L = 0x1c0
                    0x01c0                  _CTMUCON1L = 0x1c0
                    0x01c0                  _CTMUCON1Lbits = 0x1c0
                    0x01c2                  CTMUCON1H = 0x1c2
                    0x01c2                  _CTMUCON1H = 0x1c2
                    0x01c2                  _CTMUCON1Hbits = 0x1c2
                    0x01c4                  CTMUCON2L = 0x1c4
                    0x01c4                  _CTMUCON2L = 0x1c4
                    0x01c4                  _CTMUCON2Lbits = 0x1c4
                    0x01cc                  RTCCON1L = 0x1cc
                    0x01cc                  _RTCCON1L = 0x1cc
                    0x01cc                  _RTCCON1Lbits = 0x1cc
                    0x01ce                  RTCCON1H = 0x1ce
                    0x01ce                  _RTCCON1H = 0x1ce
                    0x01ce                  _RTCCON1Hbits = 0x1ce
                    0x01d0                  RTCCON2L = 0x1d0
                    0x01d0                  _RTCCON2L = 0x1d0
                    0x01d0                  _RTCCON2Lbits = 0x1d0
                    0x01d2                  RTCCON2H = 0x1d2
                    0x01d2                  _RTCCON2H = 0x1d2
                    0x01d4                  RTCCON3L = 0x1d4
                    0x01d4                  _RTCCON3L = 0x1d4
                    0x01d4                  _RTCCON3Lbits = 0x1d4
                    0x01d8                  RTCSTATL = 0x1d8
                    0x01d8                  _RTCSTATL = 0x1d8
                    0x01d8                  _RTCSTATLbits = 0x1d8
                    0x01dc                  TIMEL = 0x1dc
                    0x01dc                  _TIMEL = 0x1dc
                    0x01dc                  _TIMELbits = 0x1dc
                    0x01de                  TIMEH = 0x1de
                    0x01de                  _TIMEH = 0x1de
                    0x01de                  _TIMEHbits = 0x1de
                    0x01e0                  DATEL = 0x1e0
                    0x01e0                  _DATEL = 0x1e0
                    0x01e0                  _DATELbits = 0x1e0
                    0x01e2                  DATEH = 0x1e2
                    0x01e2                  _DATEH = 0x1e2
                    0x01e2                  _DATEHbits = 0x1e2
                    0x01e4                  ALMTIMEL = 0x1e4
                    0x01e4                  _ALMTIMEL = 0x1e4
                    0x01e4                  _ALMTIMELbits = 0x1e4
                    0x01e6                  ALMTIMEH = 0x1e6
                    0x01e6                  _ALMTIMEH = 0x1e6
                    0x01e6                  _ALMTIMEHbits = 0x1e6
                    0x01e8                  ALMDATEL = 0x1e8
                    0x01e8                  _ALMDATEL = 0x1e8
                    0x01e8                  _ALMDATELbits = 0x1e8
                    0x01ea                  ALMDATEH = 0x1ea
                    0x01ea                  _ALMDATEH = 0x1ea
                    0x01ea                  _ALMDATEHbits = 0x1ea
                    0x01ec                  TSATIMEL = 0x1ec
                    0x01ec                  _TSATIMEL = 0x1ec
                    0x01ec                  _TSATIMELbits = 0x1ec
                    0x01ee                  TSATIMEH = 0x1ee
                    0x01ee                  _TSATIMEH = 0x1ee
                    0x01ee                  _TSATIMEHbits = 0x1ee
                    0x01f0                  TSADATEL = 0x1f0
                    0x01f0                  _TSADATEL = 0x1f0
                    0x01f0                  _TSADATELbits = 0x1f0
                    0x01f2                  TSADATEH = 0x1f2
                    0x01f2                  _TSADATEH = 0x1f2
                    0x01f2                  _TSADATEHbits = 0x1f2
                    0x0200                  IC1CON1 = 0x200
                    0x0200                  _IC1CON1 = 0x200
                    0x0200                  _IC1CON1bits = 0x200
                    0x0202                  IC1CON2 = 0x202
                    0x0202                  _IC1CON2 = 0x202
                    0x0202                  _IC1CON2bits = 0x202
                    0x0204                  IC1BUF = 0x204
                    0x0204                  _IC1BUF = 0x204
                    0x0206                  IC1TMR = 0x206
                    0x0206                  _IC1TMR = 0x206
                    0x0208                  IC2CON1 = 0x208
                    0x0208                  _IC2CON1 = 0x208
                    0x0208                  _IC2CON1bits = 0x208
                    0x020a                  IC2CON2 = 0x20a
                    0x020a                  _IC2CON2 = 0x20a
                    0x020a                  _IC2CON2bits = 0x20a
                    0x020c                  IC2BUF = 0x20c
                    0x020c                  _IC2BUF = 0x20c
                    0x020e                  IC2TMR = 0x20e
                    0x020e                  _IC2TMR = 0x20e
                    0x0210                  IC3CON1 = 0x210
                    0x0210                  _IC3CON1 = 0x210
                    0x0210                  _IC3CON1bits = 0x210
                    0x0212                  IC3CON2 = 0x212
                    0x0212                  _IC3CON2 = 0x212
                    0x0212                  _IC3CON2bits = 0x212
                    0x0214                  IC3BUF = 0x214
                    0x0214                  _IC3BUF = 0x214
                    0x0216                  IC3TMR = 0x216
                    0x0216                  _IC3TMR = 0x216
                    0x0230                  OC1CON1 = 0x230
                    0x0230                  _OC1CON1 = 0x230
                    0x0230                  _OC1CON1bits = 0x230
                    0x0232                  OC1CON2 = 0x232
                    0x0232                  _OC1CON2 = 0x232
                    0x0232                  _OC1CON2bits = 0x232
                    0x0234                  OC1RS = 0x234
                    0x0234                  _OC1RS = 0x234
                    0x0236                  OC1R = 0x236
                    0x0236                  _OC1R = 0x236
                    0x0238                  OC1TMR = 0x238
                    0x0238                  _OC1TMR = 0x238
                    0x023a                  OC2CON1 = 0x23a
                    0x023a                  _OC2CON1 = 0x23a
                    0x023a                  _OC2CON1bits = 0x23a
                    0x023c                  OC2CON2 = 0x23c
                    0x023c                  _OC2CON2 = 0x23c
                    0x023c                  _OC2CON2bits = 0x23c
                    0x023e                  OC2RS = 0x23e
                    0x023e                  _OC2RS = 0x23e
                    0x0240                  OC2R = 0x240
                    0x0240                  _OC2R = 0x240
                    0x0242                  OC2TMR = 0x242
                    0x0242                  _OC2TMR = 0x242
                    0x0244                  OC3CON1 = 0x244
                    0x0244                  _OC3CON1 = 0x244
                    0x0244                  _OC3CON1bits = 0x244
                    0x0246                  OC3CON2 = 0x246
                    0x0246                  _OC3CON2 = 0x246
                    0x0246                  _OC3CON2bits = 0x246
                    0x0248                  OC3RS = 0x248
                    0x0248                  _OC3RS = 0x248
                    0x024a                  OC3R = 0x24a
                    0x024a                  _OC3R = 0x24a
                    0x024c                  OC3TMR = 0x24c
                    0x024c                  _OC3TMR = 0x24c
                    0x026c                  CCP1CON1L = 0x26c
                    0x026c                  _CCP1CON1L = 0x26c
                    0x026c                  _CCP1CON1Lbits = 0x26c
                    0x026e                  CCP1CON1H = 0x26e
                    0x026e                  _CCP1CON1H = 0x26e
                    0x026e                  _CCP1CON1Hbits = 0x26e
                    0x0270                  CCP1CON2L = 0x270
                    0x0270                  _CCP1CON2L = 0x270
                    0x0270                  _CCP1CON2Lbits = 0x270
                    0x0272                  CCP1CON2H = 0x272
                    0x0272                  _CCP1CON2H = 0x272
                    0x0272                  _CCP1CON2Hbits = 0x272
                    0x0274                  CCP1CON3L = 0x274
                    0x0274                  _CCP1CON3L = 0x274
                    0x0274                  _CCP1CON3Lbits = 0x274
                    0x0276                  CCP1CON3H = 0x276
                    0x0276                  _CCP1CON3H = 0x276
                    0x0276                  _CCP1CON3Hbits = 0x276
                    0x0278                  CCP1STAT = 0x278
                    0x0278                  _CCP1STAT = 0x278
                    0x0278                  _CCP1STATbits = 0x278
                    0x0278                  CCP1STATL = 0x278
                    0x0278                  _CCP1STATL = 0x278
                    0x0278                  _CCP1STATLbits = 0x278
                    0x027a                  CCP1STATH = 0x27a
                    0x027a                  _CCP1STATH = 0x27a
                    0x027a                  _CCP1STATHbits = 0x27a
                    0x027c                  CCP1TMRL = 0x27c
                    0x027c                  _CCP1TMRL = 0x27c
                    0x027e                  CCP1TMRH = 0x27e
                    0x027e                  _CCP1TMRH = 0x27e
                    0x0280                  CCP1PRL = 0x280
                    0x0280                  _CCP1PRL = 0x280
                    0x0282                  CCP1PRH = 0x282
                    0x0282                  _CCP1PRH = 0x282
                    0x0284                  CCP1RA = 0x284
                    0x0284                  _CCP1RA = 0x284
                    0x0284                  CCP1RAL = 0x284
                    0x0284                  _CCP1RAL = 0x284
                    0x0286                  CCP1RAH = 0x286
                    0x0286                  _CCP1RAH = 0x286
                    0x0288                  CCP1RB = 0x288
                    0x0288                  _CCP1RB = 0x288
                    0x0288                  CCP1RBL = 0x288
                    0x0288                  _CCP1RBL = 0x288
                    0x028a                  CCP1RBH = 0x28a
                    0x028a                  _CCP1RBH = 0x28a
                    0x028c                  CCP1BUFL = 0x28c
                    0x028c                  _CCP1BUFL = 0x28c
                    0x028e                  CCP1BUFH = 0x28e
                    0x028e                  _CCP1BUFH = 0x28e
                    0x0290                  CCP2CON1L = 0x290
                    0x0290                  _CCP2CON1L = 0x290
                    0x0290                  _CCP2CON1Lbits = 0x290
                    0x0292                  CCP2CON1H = 0x292
                    0x0292                  _CCP2CON1H = 0x292
                    0x0292                  _CCP2CON1Hbits = 0x292
                    0x0294                  CCP2CON2L = 0x294
                    0x0294                  _CCP2CON2L = 0x294
                    0x0294                  _CCP2CON2Lbits = 0x294
                    0x0296                  CCP2CON2H = 0x296
                    0x0296                  _CCP2CON2H = 0x296
                    0x0296                  _CCP2CON2Hbits = 0x296
                    0x029a                  CCP2CON3H = 0x29a
                    0x029a                  _CCP2CON3H = 0x29a
                    0x029a                  _CCP2CON3Hbits = 0x29a
                    0x029c                  CCP2STAT = 0x29c
                    0x029c                  _CCP2STAT = 0x29c
                    0x029c                  _CCP2STATbits = 0x29c
                    0x029c                  CCP2STATL = 0x29c
                    0x029c                  _CCP2STATL = 0x29c
                    0x029c                  _CCP2STATLbits = 0x29c
                    0x029e                  CCP2STATH = 0x29e
                    0x029e                  _CCP2STATH = 0x29e
                    0x029e                  _CCP2STATHbits = 0x29e
                    0x02a0                  CCP2TMRL = 0x2a0
                    0x02a0                  _CCP2TMRL = 0x2a0
                    0x02a2                  CCP2TMRH = 0x2a2
                    0x02a2                  _CCP2TMRH = 0x2a2
                    0x02a4                  CCP2PRL = 0x2a4
                    0x02a4                  _CCP2PRL = 0x2a4
                    0x02a6                  CCP2PRH = 0x2a6
                    0x02a6                  _CCP2PRH = 0x2a6
                    0x02a8                  CCP2RA = 0x2a8
                    0x02a8                  _CCP2RA = 0x2a8
                    0x02a8                  CCP2RAL = 0x2a8
                    0x02a8                  _CCP2RAL = 0x2a8
                    0x02aa                  CCP2RAH = 0x2aa
                    0x02aa                  _CCP2RAH = 0x2aa
                    0x02ac                  CCP2RB = 0x2ac
                    0x02ac                  _CCP2RB = 0x2ac
                    0x02ac                  CCP2RBL = 0x2ac
                    0x02ac                  _CCP2RBL = 0x2ac
                    0x02ae                  CCP2RBH = 0x2ae
                    0x02ae                  _CCP2RBH = 0x2ae
                    0x02b0                  CCP2BUFL = 0x2b0
                    0x02b0                  _CCP2BUFL = 0x2b0
                    0x02b2                  CCP2BUFH = 0x2b2
                    0x02b2                  _CCP2BUFH = 0x2b2
                    0x02b4                  CCP3CON1L = 0x2b4
                    0x02b4                  _CCP3CON1L = 0x2b4
                    0x02b4                  _CCP3CON1Lbits = 0x2b4
                    0x02b6                  CCP3CON1H = 0x2b6
                    0x02b6                  _CCP3CON1H = 0x2b6
                    0x02b6                  _CCP3CON1Hbits = 0x2b6
                    0x02b8                  CCP3CON2L = 0x2b8
                    0x02b8                  _CCP3CON2L = 0x2b8
                    0x02b8                  _CCP3CON2Lbits = 0x2b8
                    0x02ba                  CCP3CON2H = 0x2ba
                    0x02ba                  _CCP3CON2H = 0x2ba
                    0x02ba                  _CCP3CON2Hbits = 0x2ba
                    0x02be                  CCP3CON3H = 0x2be
                    0x02be                  _CCP3CON3H = 0x2be
                    0x02be                  _CCP3CON3Hbits = 0x2be
                    0x02c0                  CCP3STAT = 0x2c0
                    0x02c0                  _CCP3STAT = 0x2c0
                    0x02c0                  _CCP3STATbits = 0x2c0
                    0x02c0                  CCP3STATL = 0x2c0
                    0x02c0                  _CCP3STATL = 0x2c0
                    0x02c0                  _CCP3STATLbits = 0x2c0
                    0x02c2                  CCP3STATH = 0x2c2
                    0x02c2                  _CCP3STATH = 0x2c2
                    0x02c2                  _CCP3STATHbits = 0x2c2
                    0x02c4                  CCP3TMRL = 0x2c4
                    0x02c4                  _CCP3TMRL = 0x2c4
                    0x02c6                  CCP3TMRH = 0x2c6
                    0x02c6                  _CCP3TMRH = 0x2c6
                    0x02c8                  CCP3PRL = 0x2c8
                    0x02c8                  _CCP3PRL = 0x2c8
                    0x02ca                  CCP3PRH = 0x2ca
                    0x02ca                  _CCP3PRH = 0x2ca
                    0x02cc                  CCP3RA = 0x2cc
                    0x02cc                  _CCP3RA = 0x2cc
                    0x02cc                  CCP3RAL = 0x2cc
                    0x02cc                  _CCP3RAL = 0x2cc
                    0x02ce                  CCP3RAH = 0x2ce
                    0x02ce                  _CCP3RAH = 0x2ce
                    0x02d0                  CCP3RB = 0x2d0
                    0x02d0                  _CCP3RB = 0x2d0
                    0x02d0                  CCP3RBL = 0x2d0
                    0x02d0                  _CCP3RBL = 0x2d0
                    0x02d2                  CCP3RBH = 0x2d2
                    0x02d2                  _CCP3RBH = 0x2d2
                    0x02d4                  CCP3BUFL = 0x2d4
                    0x02d4                  _CCP3BUFL = 0x2d4
                    0x02d6                  CCP3BUFH = 0x2d6
                    0x02d6                  _CCP3BUFH = 0x2d6
                    0x02e6                  CMSTAT = 0x2e6
                    0x02e6                  _CMSTAT = 0x2e6
                    0x02e6                  _CMSTATbits = 0x2e6
                    0x02e8                  CVRCON = 0x2e8
                    0x02e8                  _CVRCON = 0x2e8
                    0x02e8                  _CVRCONbits = 0x2e8
                    0x02ea                  CM1CON = 0x2ea
                    0x02ea                  _CM1CON = 0x2ea
                    0x02ea                  _CM1CONbits = 0x2ea
                    0x02ec                  CM2CON = 0x2ec
                    0x02ec                  _CM2CON = 0x2ec
                    0x02ec                  _CM2CONbits = 0x2ec
                    0x02ee                  CM3CON = 0x2ee
                    0x02ee                  _CM3CON = 0x2ee
                    0x02ee                  _CM3CONbits = 0x2ee
                    0x02f4                  ANCFG = 0x2f4
                    0x02f4                  _ANCFG = 0x2f4
                    0x02f4                  _ANCFGbits = 0x2f4
                    0x0300                  CCP4CON1L = 0x300
                    0x0300                  _CCP4CON1L = 0x300
                    0x0300                  _CCP4CON1Lbits = 0x300
                    0x0302                  CCP4CON1H = 0x302
                    0x0302                  _CCP4CON1H = 0x302
                    0x0302                  _CCP4CON1Hbits = 0x302
                    0x0304                  CCP4CON2L = 0x304
                    0x0304                  _CCP4CON2L = 0x304
                    0x0304                  _CCP4CON2Lbits = 0x304
                    0x0306                  CCP4CON2H = 0x306
                    0x0306                  _CCP4CON2H = 0x306
                    0x0306                  _CCP4CON2Hbits = 0x306
                    0x030a                  CCP4CON3H = 0x30a
                    0x030a                  _CCP4CON3H = 0x30a
                    0x030a                  _CCP4CON3Hbits = 0x30a
                    0x030c                  CCP4STAT = 0x30c
                    0x030c                  _CCP4STAT = 0x30c
                    0x030c                  _CCP4STATbits = 0x30c
                    0x030c                  CCP4STATL = 0x30c
                    0x030c                  _CCP4STATL = 0x30c
                    0x030c                  _CCP4STATLbits = 0x30c
                    0x030e                  CCP4STATH = 0x30e
                    0x030e                  _CCP4STATH = 0x30e
                    0x030e                  _CCP4STATHbits = 0x30e
                    0x0310                  CCP4TMRL = 0x310
                    0x0310                  _CCP4TMRL = 0x310
                    0x0312                  CCP4TMRH = 0x312
                    0x0312                  _CCP4TMRH = 0x312
                    0x0314                  CCP4PRL = 0x314
                    0x0314                  _CCP4PRL = 0x314
                    0x0316                  CCP4PRH = 0x316
                    0x0316                  _CCP4PRH = 0x316
                    0x0318                  CCP4RA = 0x318
                    0x0318                  _CCP4RA = 0x318
                    0x0318                  CCP4RAL = 0x318
                    0x0318                  _CCP4RAL = 0x318
                    0x031a                  CCP4RAH = 0x31a
                    0x031a                  _CCP4RAH = 0x31a
                    0x031c                  CCP4RB = 0x31c
                    0x031c                  _CCP4RB = 0x31c
                    0x031c                  CCP4RBL = 0x31c
                    0x031c                  _CCP4RBL = 0x31c
                    0x031e                  CCP4RBH = 0x31e
                    0x031e                  _CCP4RBH = 0x31e
                    0x0320                  CCP4BUFL = 0x320
                    0x0320                  _CCP4BUFL = 0x320
                    0x0322                  CCP4BUFH = 0x322
                    0x0322                  _CCP4BUFH = 0x322
                    0x0398                  U1MODE = 0x398
                    0x0398                  _U1MODE = 0x398
                    0x0398                  _U1MODEbits = 0x398
                    0x039a                  U1STA = 0x39a
                    0x039a                  _U1STA = 0x39a
                    0x039a                  _U1STAbits = 0x39a
                    0x039c                  U1TXREG = 0x39c
                    0x039c                  _U1TXREG = 0x39c
                    0x039c                  _U1TXREGbits = 0x39c
                    0x039e                  U1RXREG = 0x39e
                    0x039e                  _U1RXREG = 0x39e
                    0x03a0                  U1BRG = 0x3a0
                    0x03a0                  _U1BRG = 0x3a0
                    0x03a2                  U1ADMD = 0x3a2
                    0x03a2                  _U1ADMD = 0x3a2
                    0x03a2                  _U1ADMDbits = 0x3a2
                    0x03a4                  U1SCCON = 0x3a4
                    0x03a4                  _U1SCCON = 0x3a4
                    0x03a4                  _U1SCCONbits = 0x3a4
                    0x03a6                  U1SCINT = 0x3a6
                    0x03a6                  _U1SCINT = 0x3a6
                    0x03a6                  _U1SCINTbits = 0x3a6
                    0x03a8                  U1GTC = 0x3a8
                    0x03a8                  _U1GTC = 0x3a8
                    0x03a8                  _U1GTCbits = 0x3a8
                    0x03aa                  U1WTCL = 0x3aa
                    0x03aa                  _U1WTCL = 0x3aa
                    0x03aa                  _U1WTCLbits = 0x3aa
                    0x03ac                  U1WTCH = 0x3ac
                    0x03ac                  _U1WTCH = 0x3ac
                    0x03ac                  _U1WTCHbits = 0x3ac
                    0x03ae                  U2MODE = 0x3ae
                    0x03ae                  _U2MODE = 0x3ae
                    0x03ae                  _U2MODEbits = 0x3ae
                    0x03b0                  U2STA = 0x3b0
                    0x03b0                  _U2STA = 0x3b0
                    0x03b0                  _U2STAbits = 0x3b0
                    0x03b2                  U2TXREG = 0x3b2
                    0x03b2                  _U2TXREG = 0x3b2
                    0x03b2                  _U2TXREGbits = 0x3b2
                    0x03b4                  U2RXREG = 0x3b4
                    0x03b4                  _U2RXREG = 0x3b4
                    0x03b6                  U2BRG = 0x3b6
                    0x03b6                  _U2BRG = 0x3b6
                    0x03b8                  U2ADMD = 0x3b8
                    0x03b8                  _U2ADMD = 0x3b8
                    0x03b8                  _U2ADMDbits = 0x3b8
                    0x03ba                  U2SCCON = 0x3ba
                    0x03ba                  _U2SCCON = 0x3ba
                    0x03ba                  _U2SCCONbits = 0x3ba
                    0x03bc                  U2SCINT = 0x3bc
                    0x03bc                  _U2SCINT = 0x3bc
                    0x03bc                  _U2SCINTbits = 0x3bc
                    0x03be                  U2GTC = 0x3be
                    0x03be                  _U2GTC = 0x3be
                    0x03be                  _U2GTCbits = 0x3be
                    0x03c0                  U2WTCL = 0x3c0
                    0x03c0                  _U2WTCL = 0x3c0
                    0x03c0                  _U2WTCLbits = 0x3c0
                    0x03c2                  U2WTCH = 0x3c2
                    0x03c2                  _U2WTCH = 0x3c2
                    0x03c2                  _U2WTCHbits = 0x3c2
                    0x03f4                  SPI1CON1 = 0x3f4
                    0x03f4                  _SPI1CON1 = 0x3f4
                    0x03f4                  _SPI1CON1bits = 0x3f4
                    0x03f4                  SPI1CON1L = 0x3f4
                    0x03f4                  _SPI1CON1L = 0x3f4
                    0x03f4                  _SPI1CON1Lbits = 0x3f4
                    0x03f6                  SPI1CON1H = 0x3f6
                    0x03f6                  _SPI1CON1H = 0x3f6
                    0x03f6                  _SPI1CON1Hbits = 0x3f6
                    0x03f6                  SPI1CON2 = 0x3f6
                    0x03f6                  _SPI1CON2 = 0x3f6
                    0x03f6                  _SPI1CON2bits = 0x3f6
                    0x03f8                  SPI1CON2L = 0x3f8
                    0x03f8                  _SPI1CON2L = 0x3f8